// Vitest Snapshot v1, https://vitest.dev/guide/snapshot.html

exports[`Generate filter data: Number > default 1`] = `
{
  "operators": {
    "Number": [
      {
        "en_label": "Equal",
        "label": "等于",
        "style": "noop",
        "value": "equal",
      },
      {
        "en_label": "Not equal",
        "label": "不等于",
        "style": "noop",
        "value": "not_equal",
      },
      {
        "en_label": "Greater than",
        "label": "大于",
        "style": "noop",
        "value": "greater_than",
      },
      {
        "en_label": "Greater than or equal to",
        "label": "大于等于",
        "style": "noop",
        "value": "greater_than_equal",
      },
      {
        "en_label": "Less than",
        "label": "小于",
        "style": "noop",
        "value": "less_than",
      },
      {
        "en_label": "Less than or equal to",
        "label": "小于等于",
        "style": "noop",
        "value": "less_than_equal",
      },
      {
        "en_label": "Between",
        "label": "区间",
        "style": "range",
        "value": "between",
      },
      {
        "en_label": "Empty",
        "label": "为空",
        "style": "none",
        "value": "empty",
      },
      {
        "en_label": "Not empty",
        "label": "不为空",
        "style": "none",
        "value": "not_empty",
      },
    ],
  },
  "options": [
    {
      "label": "Number",
      "operatorKey": "Number",
      "renderType": "NUMBER",
      "value": "3bdLUMFSVB7_YujfBJhBB",
    },
  ],
}
`;
