// Vitest Snapshot v1, https://vitest.dev/guide/snapshot.html

exports[`Generate field data: > Email 1`] = `
{
  "columns": [
    {
      "icon": "email",
      "id": "{{test-id-nanoid}}",
      "key": "input_{{test-id-nanoid}}",
      "label": "Email",
      "options": {
        "clearable": true,
        "defaultValue": "",
        "disabled": false,
        "isShowLabel": true,
        "labelWidth": 100,
        "placeholder": "Please enter",
        "renderType": 2,
        "required": false,
        "showPassword": false,
      },
      "style": {
        "width": {
          "mobile": "100%",
          "pc": "100%",
        },
      },
      "type": "input",
    },
  ],
  "id": "{{test-id-nanoid}}",
  "key": "inline_{{test-id-nanoid}}",
  "style": {},
  "type": "inline",
}
`;
